// Jest Snapshot v1, https://goo.gl/fbAQLP

exports[`DCA Bot crunch 1`] = `
Array [
  Object {
    "amountSpendBase": 20.836806134355726,
    "averagePrice": 1.1998,
    "maxDrawdownBase": 25,
    "order": 25,
    "orderNo": 0,
    "price": 1.1998,
    "profitTarget": 1.2177969999999998,
    "safetyOrderDeviation": 0,
  },
  Object {
    "amountSpendBase": 63.36090028610211,
    "averagePrice": 1.1836953020134227,
    "maxDrawdownBase": 75,
    "order": 50,
    "orderNo": 1,
    "price": 1.1758039999999998,
    "profitTarget": 1.2014507315436238,
    "safetyOrderDeviation": 2,
  },
  Object {
    "amountSpendBase": 108.950911624034,
    "averagePrice": 1.170251795964543,
    "maxDrawdownBase": 127.5,
    "order": 52.5,
    "orderNo": 2,
    "price": 1.15156804,
    "profitTarget": 1.1878055729040111,
    "safetyOrderDeviation": 4.02,
  },
  Object {
    "amountSpendBase": 157.86006144791523,
    "averagePrice": 1.1568790631711225,
    "maxDrawdownBase": 182.625,
    "order": 55.125,
    "orderNo": 3,
    "price": 1.1270897203999999,
    "profitTarget": 1.1742322491186892,
    "safetyOrderDeviation": 6.0602,
  },
  Object {
    "amountSpendBase": 210.36641375909574,
    "averagePrice": 1.1432730429840352,
    "maxDrawdownBase": 240.50625,
    "order": 57.88125,
    "orderNo": 4,
    "price": 1.102366617604,
    "profitTarget": 1.1604221386287956,
    "safetyOrderDeviation": 8.120802000000001,
  },
  Object {
    "amountSpendBase": 266.775845845468,
    "averagePrice": 1.1293434813979364,
    "maxDrawdownBase": 301.2815625,
    "order": 60.775312500000005,
    "orderNo": 5,
    "price": 1.07739628378004,
    "profitTarget": 1.1462836336189053,
    "safetyOrderDeviation": 10.202010020000001,
  },
  Object {
    "amountSpendBase": 327.4254550056507,
    "averagePrice": 1.1150496549472588,
    "maxDrawdownBase": 365.095640625,
    "order": 63.81407812500001,
    "orderNo": 6,
    "price": 1.0521762466178404,
    "profitTarget": 1.1317753997714677,
    "safetyOrderDeviation": 12.304030120200002,
  },
]
`;
