// Jest Snapshot v1, https://goo.gl/fbAQLP

exports[`orderbook should work 1`] = `
Array [
  "\\"========================================\\"",
  "\\"Transactions:\\" [
  {
    \\"amount\\": 1000,
    \\"symbol\\": \\"USD\\",
    \\"price\\": 1
  },
  {
    \\"amount\\": 0.01,
    \\"symbol\\": \\"BTC\\",
    \\"price\\": 56203.88
  },
  {
    \\"amount\\": -563.443897,
    \\"symbol\\": \\"USD\\",
    \\"price\\": 56203.88
  },
  {
    \\"amount\\": -0.01,
    \\"symbol\\": \\"BTC\\",
    \\"price\\": 56202.01
  },
  {
    \\"amount\\": 562.0201000000001,
    \\"symbol\\": \\"USD\\",
    \\"price\\": 56202.01
  }
]",
  "\\"Positions:\\" {
  \\"USD\\": 998.5762030000001,
  \\"BTC\\": 0
}",
  "\\"========================================\\"",
]
`;
